12:12:28 **** Incremental Build of configuration Debug for project FitBoxPRO ****
make -j4 all 
arm-none-eabi-gcc "../USB_DEVICE/Target/usbd_conf.c" -mcpu=cortex-m3 -std=gnu11 -g3 -DDEBUG -DUSE_HAL_DRIVER -DSTM32F103xB -c -I../USB_DEVICE/App -I../USB_DEVICE/Target -I../Core/Inc -I../Drivers/STM32F1xx_HAL_Driver/Inc -I../Drivers/STM32F1xx_HAL_Driver/Inc/Legacy -I../Middlewares/ST/STM32_USB_Device_Library/Core/Inc -I../Middlewares/ST/STM32_USB_Device_Library/Class/CustomHID/Inc -I../Drivers/CMSIS/Device/ST/STM32F1xx/Include -I../Drivers/CMSIS/Include -O0 -ffunction-sections -fdata-sections -Wall -fstack-usage -MMD -MP -MF"USB_DEVICE/Target/usbd_conf.d" -MT"USB_DEVICE/Target/usbd_conf.o" --specs=nano.specs -mfloat-abi=soft -mthumb -o "USB_DEVICE/Target/usbd_conf.o"
arm-none-eabi-gcc "../USB_DEVICE/App/usb_device.c" -mcpu=cortex-m3 -std=gnu11 -g3 -DDEBUG -DUSE_HAL_DRIVER -DSTM32F103xB -c -I../USB_DEVICE/App -I../USB_DEVICE/Target -I../Core/Inc -I../Drivers/STM32F1xx_HAL_Driver/Inc -I../Drivers/STM32F1xx_HAL_Driver/Inc/Legacy -I../Middlewares/ST/STM32_USB_Device_Library/Core/Inc -I../Middlewares/ST/STM32_USB_Device_Library/Class/CustomHID/Inc -I../Drivers/CMSIS/Device/ST/STM32F1xx/Include -I../Drivers/CMSIS/Include -O0 -ffunction-sections -fdata-sections -Wall -fstack-usage -MMD -MP -MF"USB_DEVICE/App/usb_device.d" -MT"USB_DEVICE/App/usb_device.o" --specs=nano.specs -mfloat-abi=soft -mthumb -o "USB_DEVICE/App/usb_device.o"
arm-none-eabi-gcc "../USB_DEVICE/App/usbd_custom_hid_if.c" -mcpu=cortex-m3 -std=gnu11 -g3 -DDEBUG -DUSE_HAL_DRIVER -DSTM32F103xB -c -I../USB_DEVICE/App -I../USB_DEVICE/Target -I../Core/Inc -I../Drivers/STM32F1xx_HAL_Driver/Inc -I../Drivers/STM32F1xx_HAL_Driver/Inc/Legacy -I../Middlewares/ST/STM32_USB_Device_Library/Core/Inc -I../Middlewares/ST/STM32_USB_Device_Library/Class/CustomHID/Inc -I../Drivers/CMSIS/Device/ST/STM32F1xx/Include -I../Drivers/CMSIS/Include -O0 -ffunction-sections -fdata-sections -Wall -fstack-usage -MMD -MP -MF"USB_DEVICE/App/usbd_custom_hid_if.d" -MT"USB_DEVICE/App/usbd_custom_hid_if.o" --specs=nano.specs -mfloat-abi=soft -mthumb -o "USB_DEVICE/App/usbd_custom_hid_if.o"
arm-none-eabi-gcc "../USB_DEVICE/App/usbd_desc.c" -mcpu=cortex-m3 -std=gnu11 -g3 -DDEBUG -DUSE_HAL_DRIVER -DSTM32F103xB -c -I../USB_DEVICE/App -I../USB_DEVICE/Target -I../Core/Inc -I../Drivers/STM32F1xx_HAL_Driver/Inc -I../Drivers/STM32F1xx_HAL_Driver/Inc/Legacy -I../Middlewares/ST/STM32_USB_Device_Library/Core/Inc -I../Middlewares/ST/STM32_USB_Device_Library/Class/CustomHID/Inc -I../Drivers/CMSIS/Device/ST/STM32F1xx/Include -I../Drivers/CMSIS/Include -O0 -ffunction-sections -fdata-sections -Wall -fstack-usage -MMD -MP -MF"USB_DEVICE/App/usbd_desc.d" -MT"USB_DEVICE/App/usbd_desc.o" --specs=nano.specs -mfloat-abi=soft -mthumb -o "USB_DEVICE/App/usbd_desc.o"
../USB_DEVICE/App/usbd_custom_hid_if.c:95:8: warning: excess elements in array initializer
   95 |        0x09, 0x04,        // Usage = Joystick
      |        ^~~~
../USB_DEVICE/App/usbd_custom_hid_if.c:95:8: note: (near initialization for 'CUSTOM_HID_ReportDesc_FS')
../USB_DEVICE/App/usbd_custom_hid_if.c:95:14: warning: excess elements in array initializer
   95 |        0x09, 0x04,        // Usage = Joystick
      |              ^~~~
../USB_DEVICE/App/usbd_custom_hid_if.c:95:14: note: (near initialization for 'CUSTOM_HID_ReportDesc_FS')
../USB_DEVICE/App/usbd_custom_hid_if.c:96:8: warning: excess elements in array initializer
   96 |        0xA1, 0x01,        // Collection = Application
      |        ^~~~
../USB_DEVICE/App/usbd_custom_hid_if.c:96:8: note: (near initialization for 'CUSTOM_HID_ReportDesc_FS')
../USB_DEVICE/App/usbd_custom_hid_if.c:96:14: warning: excess elements in array initializer
   96 |        0xA1, 0x01,        // Collection = Application
      |              ^~~~
../USB_DEVICE/App/usbd_custom_hid_if.c:96:14: note: (near initialization for 'CUSTOM_HID_ReportDesc_FS')
../USB_DEVICE/App/usbd_custom_hid_if.c:97:10: warning: excess elements in array initializer
   97 |          0x09, 0x33,         // Usage (Rx)
      |          ^~~~
../USB_DEVICE/App/usbd_custom_hid_if.c:97:10: note: (near initialization for 'CUSTOM_HID_ReportDesc_FS')
../USB_DEVICE/App/usbd_custom_hid_if.c:97:16: warning: excess elements in array initializer
   97 |          0x09, 0x33,         // Usage (Rx)
      |                ^~~~
../USB_DEVICE/App/usbd_custom_hid_if.c:97:16: note: (near initialization for 'CUSTOM_HID_ReportDesc_FS')
../USB_DEVICE/App/usbd_custom_hid_if.c:98:10: warning: excess elements in array initializer
   98 |          0x09, 0x34,         // Usage (Ry)
      |          ^~~~
../USB_DEVICE/App/usbd_custom_hid_if.c:98:10: note: (near initialization for 'CUSTOM_HID_ReportDesc_FS')
../USB_DEVICE/App/usbd_custom_hid_if.c:98:16: warning: excess elements in array initializer
   98 |          0x09, 0x34,         // Usage (Ry)
      |                ^~~~
../USB_DEVICE/App/usbd_custom_hid_if.c:98:16: note: (near initialization for 'CUSTOM_HID_ReportDesc_FS')
../USB_DEVICE/App/usbd_custom_hid_if.c:99:10: warning: excess elements in array initializer
   99 |          0x09, 0x35,         // Usage (Ry)
      |          ^~~~
../USB_DEVICE/App/usbd_custom_hid_if.c:99:10: note: (near initialization for 'CUSTOM_HID_ReportDesc_FS')
../USB_DEVICE/App/usbd_custom_hid_if.c:99:16: warning: excess elements in array initializer
   99 |          0x09, 0x35,         // Usage (Ry)
      |                ^~~~
../USB_DEVICE/App/usbd_custom_hid_if.c:99:16: note: (near initialization for 'CUSTOM_HID_ReportDesc_FS')
../USB_DEVICE/App/usbd_custom_hid_if.c:100:10: warning: excess elements in array initializer
  100 |          0x15, 0x00,         // Logical  Minimum (0)
      |          ^~~~
../USB_DEVICE/App/usbd_custom_hid_if.c:100:10: note: (near initialization for 'CUSTOM_HID_ReportDesc_FS')
../USB_DEVICE/App/usbd_custom_hid_if.c:100:16: warning: excess elements in array initializer
  100 |          0x15, 0x00,         // Logical  Minimum (0)
      |                ^~~~
../USB_DEVICE/App/usbd_custom_hid_if.c:100:16: note: (near initialization for 'CUSTOM_HID_ReportDesc_FS')
../USB_DEVICE/App/usbd_custom_hid_if.c:101:10: warning: excess elements in array initializer
  101 |          0x26, 0xFF,0x0F,    // Logical  Maximum (4095)
      |          ^~~~
../USB_DEVICE/App/usbd_custom_hid_if.c:101:10: note: (near initialization for 'CUSTOM_HID_ReportDesc_FS')
../USB_DEVICE/App/usbd_custom_hid_if.c:101:16: warning: excess elements in array initializer
  101 |          0x26, 0xFF,0x0F,    // Logical  Maximum (4095)
      |                ^~~~
../USB_DEVICE/App/usbd_custom_hid_if.c:101:16: note: (near initialization for 'CUSTOM_HID_ReportDesc_FS')
../USB_DEVICE/App/usbd_custom_hid_if.c:101:21: warning: excess elements in array initializer
  101 |          0x26, 0xFF,0x0F,    // Logical  Maximum (4095)
      |                     ^~~~
../USB_DEVICE/App/usbd_custom_hid_if.c:101:21: note: (near initialization for 'CUSTOM_HID_ReportDesc_FS')
../USB_DEVICE/App/usbd_custom_hid_if.c:102:10: warning: excess elements in array initializer
  102 |          0x35, 0x00,         // Physical Minimum (0)
      |          ^~~~
../USB_DEVICE/App/usbd_custom_hid_if.c:102:10: note: (near initialization for 'CUSTOM_HID_ReportDesc_FS')
../USB_DEVICE/App/usbd_custom_hid_if.c:102:16: warning: excess elements in array initializer
  102 |          0x35, 0x00,         // Physical Minimum (0)
      |                ^~~~
../USB_DEVICE/App/usbd_custom_hid_if.c:102:16: note: (near initialization for 'CUSTOM_HID_ReportDesc_FS')
../USB_DEVICE/App/usbd_custom_hid_if.c:103:10: warning: excess elements in array initializer
  103 |          0x46, 0xFF,0x0F,    // Physical Maximum (4095)
      |          ^~~~
../USB_DEVICE/App/usbd_custom_hid_if.c:103:10: note: (near initialization for 'CUSTOM_HID_ReportDesc_FS')
../USB_DEVICE/App/usbd_custom_hid_if.c:103:16: warning: excess elements in array initializer
  103 |          0x46, 0xFF,0x0F,    // Physical Maximum (4095)
      |                ^~~~
../USB_DEVICE/App/usbd_custom_hid_if.c:103:16: note: (near initialization for 'CUSTOM_HID_ReportDesc_FS')
../USB_DEVICE/App/usbd_custom_hid_if.c:103:21: warning: excess elements in array initializer
  103 |          0x46, 0xFF,0x0F,    // Physical Maximum (4095)
      |                     ^~~~
../USB_DEVICE/App/usbd_custom_hid_if.c:103:21: note: (near initialization for 'CUSTOM_HID_ReportDesc_FS')
../USB_DEVICE/App/usbd_custom_hid_if.c:104:10: warning: excess elements in array initializer
  104 |          0x75, 0x0C,         // Report Size (12)  12 bits
      |          ^~~~
../USB_DEVICE/App/usbd_custom_hid_if.c:104:10: note: (near initialization for 'CUSTOM_HID_ReportDesc_FS')
../USB_DEVICE/App/usbd_custom_hid_if.c:104:16: warning: excess elements in array initializer
  104 |          0x75, 0x0C,         // Report Size (12)  12 bits
      |                ^~~~
../USB_DEVICE/App/usbd_custom_hid_if.c:104:16: note: (near initialization for 'CUSTOM_HID_ReportDesc_FS')
../USB_DEVICE/App/usbd_custom_hid_if.c:105:10: warning: excess elements in array initializer
  105 |          0x95, 0x03,         // Report Count (3)
      |          ^~~~
../USB_DEVICE/App/usbd_custom_hid_if.c:105:10: note: (near initialization for 'CUSTOM_HID_ReportDesc_FS')
../USB_DEVICE/App/usbd_custom_hid_if.c:105:16: warning: excess elements in array initializer
  105 |          0x95, 0x03,         // Report Count (3)
      |                ^~~~
../USB_DEVICE/App/usbd_custom_hid_if.c:105:16: note: (near initialization for 'CUSTOM_HID_ReportDesc_FS')
../USB_DEVICE/App/usbd_custom_hid_if.c:106:10: warning: excess elements in array initializer
  106 |          0x81, 0x02,         // Input (Data,Var,Abs)
      |          ^~~~
../USB_DEVICE/App/usbd_custom_hid_if.c:106:10: note: (near initialization for 'CUSTOM_HID_ReportDesc_FS')
../USB_DEVICE/App/usbd_custom_hid_if.c:106:16: warning: excess elements in array initializer
  106 |          0x81, 0x02,         // Input (Data,Var,Abs)
      |                ^~~~
../USB_DEVICE/App/usbd_custom_hid_if.c:106:16: note: (near initialization for 'CUSTOM_HID_ReportDesc_FS')
../USB_DEVICE/App/usbd_custom_hid_if.c:107:4: warning: excess elements in array initializer
  107 |    0x95, 0x01,         // REPORT_COUNT (1)
      |    ^~~~
../USB_DEVICE/App/usbd_custom_hid_if.c:107:4: note: (near initialization for 'CUSTOM_HID_ReportDesc_FS')
../USB_DEVICE/App/usbd_custom_hid_if.c:107:10: warning: excess elements in array initializer
  107 |    0x95, 0x01,         // REPORT_COUNT (1)
      |          ^~~~
../USB_DEVICE/App/usbd_custom_hid_if.c:107:10: note: (near initialization for 'CUSTOM_HID_ReportDesc_FS')
../USB_DEVICE/App/usbd_custom_hid_if.c:108:4: warning: excess elements in array initializer
  108 |    0x75, 0x1c,         // REPORT_SIZE (28)
      |    ^~~~
../USB_DEVICE/App/usbd_custom_hid_if.c:108:4: note: (near initialization for 'CUSTOM_HID_ReportDesc_FS')
../USB_DEVICE/App/usbd_custom_hid_if.c:108:10: warning: excess elements in array initializer
  108 |    0x75, 0x1c,         // REPORT_SIZE (28)
      |          ^~~~
../USB_DEVICE/App/usbd_custom_hid_if.c:108:10: note: (near initialization for 'CUSTOM_HID_ReportDesc_FS')
../USB_DEVICE/App/usbd_custom_hid_if.c:109:4: warning: excess elements in array initializer
  109 |    0x81, 0x03,         // INPUT (Cnst,Var,Abs)
      |    ^~~~
../USB_DEVICE/App/usbd_custom_hid_if.c:109:4: note: (near initialization for 'CUSTOM_HID_ReportDesc_FS')
../USB_DEVICE/App/usbd_custom_hid_if.c:109:10: warning: excess elements in array initializer
  109 |    0x81, 0x03,         // INPUT (Cnst,Var,Abs)
      |          ^~~~
../USB_DEVICE/App/usbd_custom_hid_if.c:109:10: note: (near initialization for 'CUSTOM_HID_ReportDesc_FS')
../USB_DEVICE/App/usbd_custom_hid_if.c:110:4: warning: excess elements in array initializer
  110 |    0x09, 0x01,                //   USAGE (Undefined)
      |    ^~~~
../USB_DEVICE/App/usbd_custom_hid_if.c:110:4: note: (near initialization for 'CUSTOM_HID_ReportDesc_FS')
../USB_DEVICE/App/usbd_custom_hid_if.c:110:10: warning: excess elements in array initializer
  110 |    0x09, 0x01,                //   USAGE (Undefined)
      |          ^~~~
../USB_DEVICE/App/usbd_custom_hid_if.c:110:10: note: (near initialization for 'CUSTOM_HID_ReportDesc_FS')
../USB_DEVICE/App/usbd_custom_hid_if.c:111:7: warning: excess elements in array initializer
  111 |       0x15, 0x00,                //   LOGICAL_MINIMUM (0)
      |       ^~~~
../USB_DEVICE/App/usbd_custom_hid_if.c:111:7: note: (near initialization for 'CUSTOM_HID_ReportDesc_FS')
../USB_DEVICE/App/usbd_custom_hid_if.c:111:13: warning: excess elements in array initializer
  111 |       0x15, 0x00,                //   LOGICAL_MINIMUM (0)
      |             ^~~~
../USB_DEVICE/App/usbd_custom_hid_if.c:111:13: note: (near initialization for 'CUSTOM_HID_ReportDesc_FS')
../USB_DEVICE/App/usbd_custom_hid_if.c:112:7: warning: excess elements in array initializer
  112 |       0x26, 0xff, 0x00,          //   LOGICAL_MAXIMUM (255)
      |       ^~~~
../USB_DEVICE/App/usbd_custom_hid_if.c:112:7: note: (near initialization for 'CUSTOM_HID_ReportDesc_FS')
../USB_DEVICE/App/usbd_custom_hid_if.c:112:13: warning: excess elements in array initializer
  112 |       0x26, 0xff, 0x00,          //   LOGICAL_MAXIMUM (255)
      |             ^~~~
../USB_DEVICE/App/usbd_custom_hid_if.c:112:13: note: (near initialization for 'CUSTOM_HID_ReportDesc_FS')
../USB_DEVICE/App/usbd_custom_hid_if.c:112:19: warning: excess elements in array initializer
  112 |       0x26, 0xff, 0x00,          //   LOGICAL_MAXIMUM (255)
      |                   ^~~~
../USB_DEVICE/App/usbd_custom_hid_if.c:112:19: note: (near initialization for 'CUSTOM_HID_ReportDesc_FS')
../USB_DEVICE/App/usbd_custom_hid_if.c:113:7: warning: excess elements in array initializer
  113 |       0x75, 0x08,                //   REPORT_SIZE (8)
      |       ^~~~
../USB_DEVICE/App/usbd_custom_hid_if.c:113:7: note: (near initialization for 'CUSTOM_HID_ReportDesc_FS')
../USB_DEVICE/App/usbd_custom_hid_if.c:113:13: warning: excess elements in array initializer
  113 |       0x75, 0x08,                //   REPORT_SIZE (8)
      |             ^~~~
../USB_DEVICE/App/usbd_custom_hid_if.c:113:13: note: (near initialization for 'CUSTOM_HID_ReportDesc_FS')
../USB_DEVICE/App/usbd_custom_hid_if.c:114:4: warning: excess elements in array initializer
  114 |    0x95, 0x40,                //   REPORT_COUNT (64)
      |    ^~~~
../USB_DEVICE/App/usbd_custom_hid_if.c:114:4: note: (near initialization for 'CUSTOM_HID_ReportDesc_FS')
../USB_DEVICE/App/usbd_custom_hid_if.c:114:10: warning: excess elements in array initializer
  114 |    0x95, 0x40,                //   REPORT_COUNT (64)
      |          ^~~~
../USB_DEVICE/App/usbd_custom_hid_if.c:114:10: note: (near initialization for 'CUSTOM_HID_ReportDesc_FS')
../USB_DEVICE/App/usbd_custom_hid_if.c:115:4: warning: excess elements in array initializer
  115 |    0x91, 0x02,                //   OUTPUT (Data,Var,Abs)
      |    ^~~~
../USB_DEVICE/App/usbd_custom_hid_if.c:115:4: note: (near initialization for 'CUSTOM_HID_ReportDesc_FS')
../USB_DEVICE/App/usbd_custom_hid_if.c:115:10: warning: excess elements in array initializer
  115 |    0x91, 0x02,                //   OUTPUT (Data,Var,Abs)
      |          ^~~~
../USB_DEVICE/App/usbd_custom_hid_if.c:115:10: note: (near initialization for 'CUSTOM_HID_ReportDesc_FS')
../USB_DEVICE/App/usbd_custom_hid_if.c:116:4: warning: excess elements in array initializer
  116 |    0x09, 0x01,                //   USAGE (Undefined)
      |    ^~~~
../USB_DEVICE/App/usbd_custom_hid_if.c:116:4: note: (near initialization for 'CUSTOM_HID_ReportDesc_FS')
../USB_DEVICE/App/usbd_custom_hid_if.c:116:10: warning: excess elements in array initializer
  116 |    0x09, 0x01,                //   USAGE (Undefined)
      |          ^~~~
../USB_DEVICE/App/usbd_custom_hid_if.c:116:10: note: (near initialization for 'CUSTOM_HID_ReportDesc_FS')
../USB_DEVICE/App/usbd_custom_hid_if.c:117:4: warning: excess elements in array initializer
  117 |    0x95, 0x01,                //   REPORT_COUNT (1)
      |    ^~~~
../USB_DEVICE/App/usbd_custom_hid_if.c:117:4: note: (near initialization for 'CUSTOM_HID_ReportDesc_FS')
../USB_DEVICE/App/usbd_custom_hid_if.c:117:10: warning: excess elements in array initializer
  117 |    0x95, 0x01,                //   REPORT_COUNT (1)
      |          ^~~~
../USB_DEVICE/App/usbd_custom_hid_if.c:117:10: note: (near initialization for 'CUSTOM_HID_ReportDesc_FS')
../USB_DEVICE/App/usbd_custom_hid_if.c:118:4: warning: excess elements in array initializer
  118 |    0xb1, 0x02,                //   FEATURE (Data,Var,Abs)
      |    ^~~~
../USB_DEVICE/App/usbd_custom_hid_if.c:118:4: note: (near initialization for 'CUSTOM_HID_ReportDesc_FS')
../USB_DEVICE/App/usbd_custom_hid_if.c:118:10: warning: excess elements in array initializer
  118 |    0xb1, 0x02,                //   FEATURE (Data,Var,Abs)
      |          ^~~~
../USB_DEVICE/App/usbd_custom_hid_if.c:118:10: note: (near initialization for 'CUSTOM_HID_ReportDesc_FS')
../USB_DEVICE/App/usbd_custom_hid_if.c:120:3: warning: excess elements in array initializer
  120 |   0xC0    /*     END_COLLECTION              */
      |   ^~~~
../USB_DEVICE/App/usbd_custom_hid_if.c:120:3: note: (near initialization for 'CUSTOM_HID_ReportDesc_FS')
arm-none-eabi-gcc "../Middlewares/ST/STM32_USB_Device_Library/Core/Src/usbd_core.c" -mcpu=cortex-m3 -std=gnu11 -g3 -DDEBUG -DUSE_HAL_DRIVER -DSTM32F103xB -c -I../USB_DEVICE/App -I../USB_DEVICE/Target -I../Core/Inc -I../Drivers/STM32F1xx_HAL_Driver/Inc -I../Drivers/STM32F1xx_HAL_Driver/Inc/Legacy -I../Middlewares/ST/STM32_USB_Device_Library/Core/Inc -I../Middlewares/ST/STM32_USB_Device_Library/Class/CustomHID/Inc -I../Drivers/CMSIS/Device/ST/STM32F1xx/Include -I../Drivers/CMSIS/Include -O0 -ffunction-sections -fdata-sections -Wall -fstack-usage -MMD -MP -MF"Middlewares/ST/STM32_USB_Device_Library/Core/Src/usbd_core.d" -MT"Middlewares/ST/STM32_USB_Device_Library/Core/Src/usbd_core.o" --specs=nano.specs -mfloat-abi=soft -mthumb -o "Middlewares/ST/STM32_USB_Device_Library/Core/Src/usbd_core.o"
arm-none-eabi-gcc "../Middlewares/ST/STM32_USB_Device_Library/Core/Src/usbd_ctlreq.c" -mcpu=cortex-m3 -std=gnu11 -g3 -DDEBUG -DUSE_HAL_DRIVER -DSTM32F103xB -c -I../USB_DEVICE/App -I../USB_DEVICE/Target -I../Core/Inc -I../Drivers/STM32F1xx_HAL_Driver/Inc -I../Drivers/STM32F1xx_HAL_Driver/Inc/Legacy -I../Middlewares/ST/STM32_USB_Device_Library/Core/Inc -I../Middlewares/ST/STM32_USB_Device_Library/Class/CustomHID/Inc -I../Drivers/CMSIS/Device/ST/STM32F1xx/Include -I../Drivers/CMSIS/Include -O0 -ffunction-sections -fdata-sections -Wall -fstack-usage -MMD -MP -MF"Middlewares/ST/STM32_USB_Device_Library/Core/Src/usbd_ctlreq.d" -MT"Middlewares/ST/STM32_USB_Device_Library/Core/Src/usbd_ctlreq.o" --specs=nano.specs -mfloat-abi=soft -mthumb -o "Middlewares/ST/STM32_USB_Device_Library/Core/Src/usbd_ctlreq.o"
arm-none-eabi-gcc "../Middlewares/ST/STM32_USB_Device_Library/Core/Src/usbd_ioreq.c" -mcpu=cortex-m3 -std=gnu11 -g3 -DDEBUG -DUSE_HAL_DRIVER -DSTM32F103xB -c -I../USB_DEVICE/App -I../USB_DEVICE/Target -I../Core/Inc -I../Drivers/STM32F1xx_HAL_Driver/Inc -I../Drivers/STM32F1xx_HAL_Driver/Inc/Legacy -I../Middlewares/ST/STM32_USB_Device_Library/Core/Inc -I../Middlewares/ST/STM32_USB_Device_Library/Class/CustomHID/Inc -I../Drivers/CMSIS/Device/ST/STM32F1xx/Include -I../Drivers/CMSIS/Include -O0 -ffunction-sections -fdata-sections -Wall -fstack-usage -MMD -MP -MF"Middlewares/ST/STM32_USB_Device_Library/Core/Src/usbd_ioreq.d" -MT"Middlewares/ST/STM32_USB_Device_Library/Core/Src/usbd_ioreq.o" --specs=nano.specs -mfloat-abi=soft -mthumb -o "Middlewares/ST/STM32_USB_Device_Library/Core/Src/usbd_ioreq.o"
arm-none-eabi-gcc "../Middlewares/ST/STM32_USB_Device_Library/Class/CustomHID/Src/usbd_customhid.c" -mcpu=cortex-m3 -std=gnu11 -g3 -DDEBUG -DUSE_HAL_DRIVER -DSTM32F103xB -c -I../USB_DEVICE/App -I../USB_DEVICE/Target -I../Core/Inc -I../Drivers/STM32F1xx_HAL_Driver/Inc -I../Drivers/STM32F1xx_HAL_Driver/Inc/Legacy -I../Middlewares/ST/STM32_USB_Device_Library/Core/Inc -I../Middlewares/ST/STM32_USB_Device_Library/Class/CustomHID/Inc -I../Drivers/CMSIS/Device/ST/STM32F1xx/Include -I../Drivers/CMSIS/Include -O0 -ffunction-sections -fdata-sections -Wall -fstack-usage -MMD -MP -MF"Middlewares/ST/STM32_USB_Device_Library/Class/CustomHID/Src/usbd_customhid.d" -MT"Middlewares/ST/STM32_USB_Device_Library/Class/CustomHID/Src/usbd_customhid.o" --specs=nano.specs -mfloat-abi=soft -mthumb -o "Middlewares/ST/STM32_USB_Device_Library/Class/CustomHID/Src/usbd_customhid.o"
arm-none-eabi-gcc "../Drivers/STM32F1xx_HAL_Driver/Src/stm32f1xx_hal.c" -mcpu=cortex-m3 -std=gnu11 -g3 -DDEBUG -DUSE_HAL_DRIVER -DSTM32F103xB -c -I../USB_DEVICE/App -I../USB_DEVICE/Target -I../Core/Inc -I../Drivers/STM32F1xx_HAL_Driver/Inc -I../Drivers/STM32F1xx_HAL_Driver/Inc/Legacy -I../Middlewares/ST/STM32_USB_Device_Library/Core/Inc -I../Middlewares/ST/STM32_USB_Device_Library/Class/CustomHID/Inc -I../Drivers/CMSIS/Device/ST/STM32F1xx/Include -I../Drivers/CMSIS/Include -O0 -ffunction-sections -fdata-sections -Wall -fstack-usage -MMD -MP -MF"Drivers/STM32F1xx_HAL_Driver/Src/stm32f1xx_hal.d" -MT"Drivers/STM32F1xx_HAL_Driver/Src/stm32f1xx_hal.o" --specs=nano.specs -mfloat-abi=soft -mthumb -o "Drivers/STM32F1xx_HAL_Driver/Src/stm32f1xx_hal.o"
arm-none-eabi-gcc "../Drivers/STM32F1xx_HAL_Driver/Src/stm32f1xx_hal_adc.c" -mcpu=cortex-m3 -std=gnu11 -g3 -DDEBUG -DUSE_HAL_DRIVER -DSTM32F103xB -c -I../USB_DEVICE/App -I../USB_DEVICE/Target -I../Core/Inc -I../Drivers/STM32F1xx_HAL_Driver/Inc -I../Drivers/STM32F1xx_HAL_Driver/Inc/Legacy -I../Middlewares/ST/STM32_USB_Device_Library/Core/Inc -I../Middlewares/ST/STM32_USB_Device_Library/Class/CustomHID/Inc -I../Drivers/CMSIS/Device/ST/STM32F1xx/Include -I../Drivers/CMSIS/Include -O0 -ffunction-sections -fdata-sections -Wall -fstack-usage -MMD -MP -MF"Drivers/STM32F1xx_HAL_Driver/Src/stm32f1xx_hal_adc.d" -MT"Drivers/STM32F1xx_HAL_Driver/Src/stm32f1xx_hal_adc.o" --specs=nano.specs -mfloat-abi=soft -mthumb -o "Drivers/STM32F1xx_HAL_Driver/Src/stm32f1xx_hal_adc.o"
arm-none-eabi-gcc "../Drivers/STM32F1xx_HAL_Driver/Src/stm32f1xx_hal_adc_ex.c" -mcpu=cortex-m3 -std=gnu11 -g3 -DDEBUG -DUSE_HAL_DRIVER -DSTM32F103xB -c -I../USB_DEVICE/App -I../USB_DEVICE/Target -I../Core/Inc -I../Drivers/STM32F1xx_HAL_Driver/Inc -I../Drivers/STM32F1xx_HAL_Driver/Inc/Legacy -I../Middlewares/ST/STM32_USB_Device_Library/Core/Inc -I../Middlewares/ST/STM32_USB_Device_Library/Class/CustomHID/Inc -I../Drivers/CMSIS/Device/ST/STM32F1xx/Include -I../Drivers/CMSIS/Include -O0 -ffunction-sections -fdata-sections -Wall -fstack-usage -MMD -MP -MF"Drivers/STM32F1xx_HAL_Driver/Src/stm32f1xx_hal_adc_ex.d" -MT"Drivers/STM32F1xx_HAL_Driver/Src/stm32f1xx_hal_adc_ex.o" --specs=nano.specs -mfloat-abi=soft -mthumb -o "Drivers/STM32F1xx_HAL_Driver/Src/stm32f1xx_hal_adc_ex.o"
arm-none-eabi-gcc "../Drivers/STM32F1xx_HAL_Driver/Src/stm32f1xx_hal_cortex.c" -mcpu=cortex-m3 -std=gnu11 -g3 -DDEBUG -DUSE_HAL_DRIVER -DSTM32F103xB -c -I../USB_DEVICE/App -I../USB_DEVICE/Target -I../Core/Inc -I../Drivers/STM32F1xx_HAL_Driver/Inc -I../Drivers/STM32F1xx_HAL_Driver/Inc/Legacy -I../Middlewares/ST/STM32_USB_Device_Library/Core/Inc -I../Middlewares/ST/STM32_USB_Device_Library/Class/CustomHID/Inc -I../Drivers/CMSIS/Device/ST/STM32F1xx/Include -I../Drivers/CMSIS/Include -O0 -ffunction-sections -fdata-sections -Wall -fstack-usage -MMD -MP -MF"Drivers/STM32F1xx_HAL_Driver/Src/stm32f1xx_hal_cortex.d" -MT"Drivers/STM32F1xx_HAL_Driver/Src/stm32f1xx_hal_cortex.o" --specs=nano.specs -mfloat-abi=soft -mthumb -o "Drivers/STM32F1xx_HAL_Driver/Src/stm32f1xx_hal_cortex.o"
arm-none-eabi-gcc "../Drivers/STM32F1xx_HAL_Driver/Src/stm32f1xx_hal_dma.c" -mcpu=cortex-m3 -std=gnu11 -g3 -DDEBUG -DUSE_HAL_DRIVER -DSTM32F103xB -c -I../USB_DEVICE/App -I../USB_DEVICE/Target -I../Core/Inc -I../Drivers/STM32F1xx_HAL_Driver/Inc -I../Drivers/STM32F1xx_HAL_Driver/Inc/Legacy -I../Middlewares/ST/STM32_USB_Device_Library/Core/Inc -I../Middlewares/ST/STM32_USB_Device_Library/Class/CustomHID/Inc -I../Drivers/CMSIS/Device/ST/STM32F1xx/Include -I../Drivers/CMSIS/Include -O0 -ffunction-sections -fdata-sections -Wall -fstack-usage -MMD -MP -MF"Drivers/STM32F1xx_HAL_Driver/Src/stm32f1xx_hal_dma.d" -MT"Drivers/STM32F1xx_HAL_Driver/Src/stm32f1xx_hal_dma.o" --specs=nano.specs -mfloat-abi=soft -mthumb -o "Drivers/STM32F1xx_HAL_Driver/Src/stm32f1xx_hal_dma.o"
arm-none-eabi-gcc "../Drivers/STM32F1xx_HAL_Driver/Src/stm32f1xx_hal_exti.c" -mcpu=cortex-m3 -std=gnu11 -g3 -DDEBUG -DUSE_HAL_DRIVER -DSTM32F103xB -c -I../USB_DEVICE/App -I../USB_DEVICE/Target -I../Core/Inc -I../Drivers/STM32F1xx_HAL_Driver/Inc -I../Drivers/STM32F1xx_HAL_Driver/Inc/Legacy -I../Middlewares/ST/STM32_USB_Device_Library/Core/Inc -I../Middlewares/ST/STM32_USB_Device_Library/Class/CustomHID/Inc -I../Drivers/CMSIS/Device/ST/STM32F1xx/Include -I../Drivers/CMSIS/Include -O0 -ffunction-sections -fdata-sections -Wall -fstack-usage -MMD -MP -MF"Drivers/STM32F1xx_HAL_Driver/Src/stm32f1xx_hal_exti.d" -MT"Drivers/STM32F1xx_HAL_Driver/Src/stm32f1xx_hal_exti.o" --specs=nano.specs -mfloat-abi=soft -mthumb -o "Drivers/STM32F1xx_HAL_Driver/Src/stm32f1xx_hal_exti.o"
arm-none-eabi-gcc "../Drivers/STM32F1xx_HAL_Driver/Src/stm32f1xx_hal_flash.c" -mcpu=cortex-m3 -std=gnu11 -g3 -DDEBUG -DUSE_HAL_DRIVER -DSTM32F103xB -c -I../USB_DEVICE/App -I../USB_DEVICE/Target -I../Core/Inc -I../Drivers/STM32F1xx_HAL_Driver/Inc -I../Drivers/STM32F1xx_HAL_Driver/Inc/Legacy -I../Middlewares/ST/STM32_USB_Device_Library/Core/Inc -I../Middlewares/ST/STM32_USB_Device_Library/Class/CustomHID/Inc -I../Drivers/CMSIS/Device/ST/STM32F1xx/Include -I../Drivers/CMSIS/Include -O0 -ffunction-sections -fdata-sections -Wall -fstack-usage -MMD -MP -MF"Drivers/STM32F1xx_HAL_Driver/Src/stm32f1xx_hal_flash.d" -MT"Drivers/STM32F1xx_HAL_Driver/Src/stm32f1xx_hal_flash.o" --specs=nano.specs -mfloat-abi=soft -mthumb -o "Drivers/STM32F1xx_HAL_Driver/Src/stm32f1xx_hal_flash.o"
arm-none-eabi-gcc "../Drivers/STM32F1xx_HAL_Driver/Src/stm32f1xx_hal_flash_ex.c" -mcpu=cortex-m3 -std=gnu11 -g3 -DDEBUG -DUSE_HAL_DRIVER -DSTM32F103xB -c -I../USB_DEVICE/App -I../USB_DEVICE/Target -I../Core/Inc -I../Drivers/STM32F1xx_HAL_Driver/Inc -I../Drivers/STM32F1xx_HAL_Driver/Inc/Legacy -I../Middlewares/ST/STM32_USB_Device_Library/Core/Inc -I../Middlewares/ST/STM32_USB_Device_Library/Class/CustomHID/Inc -I../Drivers/CMSIS/Device/ST/STM32F1xx/Include -I../Drivers/CMSIS/Include -O0 -ffunction-sections -fdata-sections -Wall -fstack-usage -MMD -MP -MF"Drivers/STM32F1xx_HAL_Driver/Src/stm32f1xx_hal_flash_ex.d" -MT"Drivers/STM32F1xx_HAL_Driver/Src/stm32f1xx_hal_flash_ex.o" --specs=nano.specs -mfloat-abi=soft -mthumb -o "Drivers/STM32F1xx_HAL_Driver/Src/stm32f1xx_hal_flash_ex.o"
arm-none-eabi-gcc "../Drivers/STM32F1xx_HAL_Driver/Src/stm32f1xx_hal_gpio.c" -mcpu=cortex-m3 -std=gnu11 -g3 -DDEBUG -DUSE_HAL_DRIVER -DSTM32F103xB -c -I../USB_DEVICE/App -I../USB_DEVICE/Target -I../Core/Inc -I../Drivers/STM32F1xx_HAL_Driver/Inc -I../Drivers/STM32F1xx_HAL_Driver/Inc/Legacy -I../Middlewares/ST/STM32_USB_Device_Library/Core/Inc -I../Middlewares/ST/STM32_USB_Device_Library/Class/CustomHID/Inc -I../Drivers/CMSIS/Device/ST/STM32F1xx/Include -I../Drivers/CMSIS/Include -O0 -ffunction-sections -fdata-sections -Wall -fstack-usage -MMD -MP -MF"Drivers/STM32F1xx_HAL_Driver/Src/stm32f1xx_hal_gpio.d" -MT"Drivers/STM32F1xx_HAL_Driver/Src/stm32f1xx_hal_gpio.o" --specs=nano.specs -mfloat-abi=soft -mthumb -o "Drivers/STM32F1xx_HAL_Driver/Src/stm32f1xx_hal_gpio.o"
arm-none-eabi-gcc "../Drivers/STM32F1xx_HAL_Driver/Src/stm32f1xx_hal_gpio_ex.c" -mcpu=cortex-m3 -std=gnu11 -g3 -DDEBUG -DUSE_HAL_DRIVER -DSTM32F103xB -c -I../USB_DEVICE/App -I../USB_DEVICE/Target -I../Core/Inc -I../Drivers/STM32F1xx_HAL_Driver/Inc -I../Drivers/STM32F1xx_HAL_Driver/Inc/Legacy -I../Middlewares/ST/STM32_USB_Device_Library/Core/Inc -I../Middlewares/ST/STM32_USB_Device_Library/Class/CustomHID/Inc -I../Drivers/CMSIS/Device/ST/STM32F1xx/Include -I../Drivers/CMSIS/Include -O0 -ffunction-sections -fdata-sections -Wall -fstack-usage -MMD -MP -MF"Drivers/STM32F1xx_HAL_Driver/Src/stm32f1xx_hal_gpio_ex.d" -MT"Drivers/STM32F1xx_HAL_Driver/Src/stm32f1xx_hal_gpio_ex.o" --specs=nano.specs -mfloat-abi=soft -mthumb -o "Drivers/STM32F1xx_HAL_Driver/Src/stm32f1xx_hal_gpio_ex.o"
arm-none-eabi-gcc "../Drivers/STM32F1xx_HAL_Driver/Src/stm32f1xx_hal_pcd.c" -mcpu=cortex-m3 -std=gnu11 -g3 -DDEBUG -DUSE_HAL_DRIVER -DSTM32F103xB -c -I../USB_DEVICE/App -I../USB_DEVICE/Target -I../Core/Inc -I../Drivers/STM32F1xx_HAL_Driver/Inc -I../Drivers/STM32F1xx_HAL_Driver/Inc/Legacy -I../Middlewares/ST/STM32_USB_Device_Library/Core/Inc -I../Middlewares/ST/STM32_USB_Device_Library/Class/CustomHID/Inc -I../Drivers/CMSIS/Device/ST/STM32F1xx/Include -I../Drivers/CMSIS/Include -O0 -ffunction-sections -fdata-sections -Wall -fstack-usage -MMD -MP -MF"Drivers/STM32F1xx_HAL_Driver/Src/stm32f1xx_hal_pcd.d" -MT"Drivers/STM32F1xx_HAL_Driver/Src/stm32f1xx_hal_pcd.o" --specs=nano.specs -mfloat-abi=soft -mthumb -o "Drivers/STM32F1xx_HAL_Driver/Src/stm32f1xx_hal_pcd.o"
arm-none-eabi-gcc "../Drivers/STM32F1xx_HAL_Driver/Src/stm32f1xx_hal_pcd_ex.c" -mcpu=cortex-m3 -std=gnu11 -g3 -DDEBUG -DUSE_HAL_DRIVER -DSTM32F103xB -c -I../USB_DEVICE/App -I../USB_DEVICE/Target -I../Core/Inc -I../Drivers/STM32F1xx_HAL_Driver/Inc -I../Drivers/STM32F1xx_HAL_Driver/Inc/Legacy -I../Middlewares/ST/STM32_USB_Device_Library/Core/Inc -I../Middlewares/ST/STM32_USB_Device_Library/Class/CustomHID/Inc -I../Drivers/CMSIS/Device/ST/STM32F1xx/Include -I../Drivers/CMSIS/Include -O0 -ffunction-sections -fdata-sections -Wall -fstack-usage -MMD -MP -MF"Drivers/STM32F1xx_HAL_Driver/Src/stm32f1xx_hal_pcd_ex.d" -MT"Drivers/STM32F1xx_HAL_Driver/Src/stm32f1xx_hal_pcd_ex.o" --specs=nano.specs -mfloat-abi=soft -mthumb -o "Drivers/STM32F1xx_HAL_Driver/Src/stm32f1xx_hal_pcd_ex.o"
arm-none-eabi-gcc "../Drivers/STM32F1xx_HAL_Driver/Src/stm32f1xx_hal_pwr.c" -mcpu=cortex-m3 -std=gnu11 -g3 -DDEBUG -DUSE_HAL_DRIVER -DSTM32F103xB -c -I../USB_DEVICE/App -I../USB_DEVICE/Target -I../Core/Inc -I../Drivers/STM32F1xx_HAL_Driver/Inc -I../Drivers/STM32F1xx_HAL_Driver/Inc/Legacy -I../Middlewares/ST/STM32_USB_Device_Library/Core/Inc -I../Middlewares/ST/STM32_USB_Device_Library/Class/CustomHID/Inc -I../Drivers/CMSIS/Device/ST/STM32F1xx/Include -I../Drivers/CMSIS/Include -O0 -ffunction-sections -fdata-sections -Wall -fstack-usage -MMD -MP -MF"Drivers/STM32F1xx_HAL_Driver/Src/stm32f1xx_hal_pwr.d" -MT"Drivers/STM32F1xx_HAL_Driver/Src/stm32f1xx_hal_pwr.o" --specs=nano.specs -mfloat-abi=soft -mthumb -o "Drivers/STM32F1xx_HAL_Driver/Src/stm32f1xx_hal_pwr.o"
arm-none-eabi-gcc "../Drivers/STM32F1xx_HAL_Driver/Src/stm32f1xx_hal_rcc.c" -mcpu=cortex-m3 -std=gnu11 -g3 -DDEBUG -DUSE_HAL_DRIVER -DSTM32F103xB -c -I../USB_DEVICE/App -I../USB_DEVICE/Target -I../Core/Inc -I../Drivers/STM32F1xx_HAL_Driver/Inc -I../Drivers/STM32F1xx_HAL_Driver/Inc/Legacy -I../Middlewares/ST/STM32_USB_Device_Library/Core/Inc -I../Middlewares/ST/STM32_USB_Device_Library/Class/CustomHID/Inc -I../Drivers/CMSIS/Device/ST/STM32F1xx/Include -I../Drivers/CMSIS/Include -O0 -ffunction-sections -fdata-sections -Wall -fstack-usage -MMD -MP -MF"Drivers/STM32F1xx_HAL_Driver/Src/stm32f1xx_hal_rcc.d" -MT"Drivers/STM32F1xx_HAL_Driver/Src/stm32f1xx_hal_rcc.o" --specs=nano.specs -mfloat-abi=soft -mthumb -o "Drivers/STM32F1xx_HAL_Driver/Src/stm32f1xx_hal_rcc.o"
arm-none-eabi-gcc "../Drivers/STM32F1xx_HAL_Driver/Src/stm32f1xx_hal_rcc_ex.c" -mcpu=cortex-m3 -std=gnu11 -g3 -DDEBUG -DUSE_HAL_DRIVER -DSTM32F103xB -c -I../USB_DEVICE/App -I../USB_DEVICE/Target -I../Core/Inc -I../Drivers/STM32F1xx_HAL_Driver/Inc -I../Drivers/STM32F1xx_HAL_Driver/Inc/Legacy -I../Middlewares/ST/STM32_USB_Device_Library/Core/Inc -I../Middlewares/ST/STM32_USB_Device_Library/Class/CustomHID/Inc -I../Drivers/CMSIS/Device/ST/STM32F1xx/Include -I../Drivers/CMSIS/Include -O0 -ffunction-sections -fdata-sections -Wall -fstack-usage -MMD -MP -MF"Drivers/STM32F1xx_HAL_Driver/Src/stm32f1xx_hal_rcc_ex.d" -MT"Drivers/STM32F1xx_HAL_Driver/Src/stm32f1xx_hal_rcc_ex.o" --specs=nano.specs -mfloat-abi=soft -mthumb -o "Drivers/STM32F1xx_HAL_Driver/Src/stm32f1xx_hal_rcc_ex.o"
arm-none-eabi-gcc "../Drivers/STM32F1xx_HAL_Driver/Src/stm32f1xx_ll_usb.c" -mcpu=cortex-m3 -std=gnu11 -g3 -DDEBUG -DUSE_HAL_DRIVER -DSTM32F103xB -c -I../USB_DEVICE/App -I../USB_DEVICE/Target -I../Core/Inc -I../Drivers/STM32F1xx_HAL_Driver/Inc -I../Drivers/STM32F1xx_HAL_Driver/Inc/Legacy -I../Middlewares/ST/STM32_USB_Device_Library/Core/Inc -I../Middlewares/ST/STM32_USB_Device_Library/Class/CustomHID/Inc -I../Drivers/CMSIS/Device/ST/STM32F1xx/Include -I../Drivers/CMSIS/Include -O0 -ffunction-sections -fdata-sections -Wall -fstack-usage -MMD -MP -MF"Drivers/STM32F1xx_HAL_Driver/Src/stm32f1xx_ll_usb.d" -MT"Drivers/STM32F1xx_HAL_Driver/Src/stm32f1xx_ll_usb.o" --specs=nano.specs -mfloat-abi=soft -mthumb -o "Drivers/STM32F1xx_HAL_Driver/Src/stm32f1xx_ll_usb.o"
arm-none-eabi-gcc "../Core/Src/main.c" -mcpu=cortex-m3 -std=gnu11 -g3 -DDEBUG -DUSE_HAL_DRIVER -DSTM32F103xB -c -I../USB_DEVICE/App -I../USB_DEVICE/Target -I../Core/Inc -I../Drivers/STM32F1xx_HAL_Driver/Inc -I../Drivers/STM32F1xx_HAL_Driver/Inc/Legacy -I../Middlewares/ST/STM32_USB_Device_Library/Core/Inc -I../Middlewares/ST/STM32_USB_Device_Library/Class/CustomHID/Inc -I../Drivers/CMSIS/Device/ST/STM32F1xx/Include -I../Drivers/CMSIS/Include -O0 -ffunction-sections -fdata-sections -Wall -fstack-usage -MMD -MP -MF"Core/Src/main.d" -MT"Core/Src/main.o" --specs=nano.specs -mfloat-abi=soft -mthumb -o "Core/Src/main.o"
arm-none-eabi-gcc "../Core/Src/stm32f1xx_hal_msp.c" -mcpu=cortex-m3 -std=gnu11 -g3 -DDEBUG -DUSE_HAL_DRIVER -DSTM32F103xB -c -I../USB_DEVICE/App -I../USB_DEVICE/Target -I../Core/Inc -I../Drivers/STM32F1xx_HAL_Driver/Inc -I../Drivers/STM32F1xx_HAL_Driver/Inc/Legacy -I../Middlewares/ST/STM32_USB_Device_Library/Core/Inc -I../Middlewares/ST/STM32_USB_Device_Library/Class/CustomHID/Inc -I../Drivers/CMSIS/Device/ST/STM32F1xx/Include -I../Drivers/CMSIS/Include -O0 -ffunction-sections -fdata-sections -Wall -fstack-usage -MMD -MP -MF"Core/Src/stm32f1xx_hal_msp.d" -MT"Core/Src/stm32f1xx_hal_msp.o" --specs=nano.specs -mfloat-abi=soft -mthumb -o "Core/Src/stm32f1xx_hal_msp.o"
arm-none-eabi-gcc "../Core/Src/stm32f1xx_it.c" -mcpu=cortex-m3 -std=gnu11 -g3 -DDEBUG -DUSE_HAL_DRIVER -DSTM32F103xB -c -I../USB_DEVICE/App -I../USB_DEVICE/Target -I../Core/Inc -I../Drivers/STM32F1xx_HAL_Driver/Inc -I../Drivers/STM32F1xx_HAL_Driver/Inc/Legacy -I../Middlewares/ST/STM32_USB_Device_Library/Core/Inc -I../Middlewares/ST/STM32_USB_Device_Library/Class/CustomHID/Inc -I../Drivers/CMSIS/Device/ST/STM32F1xx/Include -I../Drivers/CMSIS/Include -O0 -ffunction-sections -fdata-sections -Wall -fstack-usage -MMD -MP -MF"Core/Src/stm32f1xx_it.d" -MT"Core/Src/stm32f1xx_it.o" --specs=nano.specs -mfloat-abi=soft -mthumb -o "Core/Src/stm32f1xx_it.o"
arm-none-eabi-gcc "../Core/Src/system_stm32f1xx.c" -mcpu=cortex-m3 -std=gnu11 -g3 -DDEBUG -DUSE_HAL_DRIVER -DSTM32F103xB -c -I../USB_DEVICE/App -I../USB_DEVICE/Target -I../Core/Inc -I../Drivers/STM32F1xx_HAL_Driver/Inc -I../Drivers/STM32F1xx_HAL_Driver/Inc/Legacy -I../Middlewares/ST/STM32_USB_Device_Library/Core/Inc -I../Middlewares/ST/STM32_USB_Device_Library/Class/CustomHID/Inc -I../Drivers/CMSIS/Device/ST/STM32F1xx/Include -I../Drivers/CMSIS/Include -O0 -ffunction-sections -fdata-sections -Wall -fstack-usage -MMD -MP -MF"Core/Src/system_stm32f1xx.d" -MT"Core/Src/system_stm32f1xx.o" --specs=nano.specs -mfloat-abi=soft -mthumb -o "Core/Src/system_stm32f1xx.o"
arm-none-eabi-gcc -o "FitBoxPRO.elf" @"objects.list"   -mcpu=cortex-m3 -T"C:\Users\cristian_ritter\Documents\PROJETOS\FitBox_STM\FitBoxPRO\STM32F103C8TX_FLASH.ld" --specs=nosys.specs -Wl,-Map="FitBoxPRO.map" -Wl,--gc-sections -static --specs=nano.specs -mfloat-abi=soft -mthumb -Wl,--start-group -lc -lm -Wl,--end-group
Finished building target: FitBoxPRO.elf
 
arm-none-eabi-size   FitBoxPRO.elf 
arm-none-eabi-objdump -h -S  FitBoxPRO.elf  > "FitBoxPRO.list"
   text	   data	    bss	    dec	    hex	filename
  32464	    332	   3684	  36480	   8e80	FitBoxPRO.elf
Finished building: default.size.stdout
 
Finished building: FitBoxPRO.list
 

12:12:39 Build Finished. 0 errors, 52 warnings. (took 11s.105ms)

