12:15:27 **** Incremental Build of configuration Debug for project FitBoxPRO ****
make -j4 all 
arm-none-eabi-gcc "../USB_DEVICE/App/usbd_custom_hid_if.c" -mcpu=cortex-m3 -std=gnu11 -g3 -DDEBUG -DUSE_HAL_DRIVER -DSTM32F103xB -c -I../USB_DEVICE/App -I../USB_DEVICE/Target -I../Core/Inc -I../Drivers/STM32F1xx_HAL_Driver/Inc -I../Drivers/STM32F1xx_HAL_Driver/Inc/Legacy -I../Middlewares/ST/STM32_USB_Device_Library/Core/Inc -I../Middlewares/ST/STM32_USB_Device_Library/Class/CustomHID/Inc -I../Drivers/CMSIS/Device/ST/STM32F1xx/Include -I../Drivers/CMSIS/Include -O0 -ffunction-sections -fdata-sections -Wall -fstack-usage -MMD -MP -MF"USB_DEVICE/App/usbd_custom_hid_if.d" -MT"USB_DEVICE/App/usbd_custom_hid_if.o" --specs=nano.specs -mfloat-abi=soft -mthumb -o "USB_DEVICE/App/usbd_custom_hid_if.o"
arm-none-eabi-gcc -o "FitBoxPRO.elf" @"objects.list"   -mcpu=cortex-m3 -T"C:\Users\cristian_ritter\Documents\PROJETOS\FitBox_STM\FitBoxPRO\STM32F103C8TX_FLASH.ld" --specs=nosys.specs -Wl,-Map="FitBoxPRO.map" -Wl,--gc-sections -static --specs=nano.specs -mfloat-abi=soft -mthumb -Wl,--start-group -lc -lm -Wl,--end-group
Finished building target: FitBoxPRO.elf
 
arm-none-eabi-size   FitBoxPRO.elf 
arm-none-eabi-objdump -h -S  FitBoxPRO.elf  > "FitBoxPRO.list"
   text	   data	    bss	    dec	    hex	filename
  46204	    556	   4672	  51432	   c8e8	FitBoxPRO.elf
Finished building: default.size.stdout
 
Finished building: FitBoxPRO.list
 
